Additional Burst Shots=额外弹丸
Aim Recoil=瞄准后坐
Aim Time=瞄准时间
Ammo Consumption=弹药消耗
Area of Effect=作用范围
Attachment Point=附件挂点
Attachments=附件
Audible Range=枪声范围
Backpack Compatibility=可挂载背包
Battery Size=电池容量
Canister Size=储罐容量
Capacity=容量
Carrying Capacity=储物空间
Charge Time=充能时间
Class=分类
Core Compatibility=可适配胸甲类型
Count=容量
Damage Reduction=伤害减免
Damage Type=伤害类型
Duration=持续时间
Effect=效果
Effective Range=有效射程
Effects=效果
Extraction Throughput=提取吞吐量
Fire Rate=枪械射速
Focus=定位
Full Strength Distance=最大负载能力距离
Gather Radius=采集半径
Grade=等级
HEI=HEI
Horizontal Aim Recoil=水平瞄准后坐
Instability=不稳定性
Item Type=物品类型
Magazine Size=弹匣容量
Magnification=放大倍率
Manufacturer=制造商
Max Angle=最大角度
Max Range=最大距离
Maximum Range=最大距离
Missiles=导弹
NDR=NDR
Optimal Charge Window Rate=最佳充能窗口充能速率
Optimal Charge Window Size=最佳充能窗口大小
Optimal Range=最佳距离
Parallax=视差
Pellets=弹丸数量
Power Transfer=功率传输
Projectile Speed=子弹速度
Radiation Protection=辐射防护
Radiation Scrub Rate=辐射清除率
Rate Of Fire=射速
Rate of Fire=射速
Recoil Smoothness=后坐平滑
Recoil Stability=后坐稳定
Recoil Time=后坐时间
Resistance=抗性
Schematic=示意图
Size=尺寸
Spread=子弹散布
Spread Max=最高散步
Spread Min=最低散布
Spread Per Shot=射击后散布
Spread per Shot=射击后散布
Temp. Rating=适用温度
Throttle min=节流阀最小值
Torpedo=鱼雷
Tracking Signal=追踪讯号
Type=类型
Vertical Aim Recoil=垂直瞄准后坐
Visual Recoil=视觉后坐
Zoom=变焦
Backpacks=可挂载背包类型