ACOM=ACOM
Ace Astrogation=王牌航天
Aegis Dynamic=圣盾动力
Aegis Dynamics=圣盾动力
Aegis Dynamics=圣盾动力
Aegis Dynamics=圣盾动力
Aegis Dynamics=圣盾动力
Aegis=圣盾
Aegis=圣盾动力
Amon & Reese Co.=亚蒙里斯
Amon & Reese Co.=亚蒙里斯公司
Anvil Aerospace=铁砧航天
Anvil Aerospace=铁砧航天
Aopoa=奥波亚
Apocalypse Arms=启示录军备
Apocalypse Arms=启示录军备
ArcCorp=弧光集团
Argo Astronautics=南船座宇航
Argo Astronautics=南船座宇航
Argo Astronautics=南船座宇航
ArmaMod=武改厂
ArmaMod=武改厂
Ascension Astro=上升航天
Associated Science & Development=联合科学与开发公司
Banu=巴努
Banu=巴努
Banu=巴努
Basilisk=毒蜥公司
Behring= 贝林
Behring=贝林
Behring=贝林
Behring=贝林财团
Behring=贝林财团
Blue Triangle Inc.=蓝三角公司
Blue Triangle Inc.=蓝三角公司 (Blue Triangle Inc.).
Broad & Rabiee=布拉德&德比
Broad & Rabiee=布拉德&拉比
CDS=卡拉克防御系统
Chimera Communications=奇美拉通讯
Consolidated Outland=联合外域
Crusader Industries=十字军工业
CureLife=疗生公司
Drake Interplanetary=德雷克行星际
Drake Interplanetary=德雷克行星际
Esperia=埃斯佩里亚
Esperia=埃斯佩里亚
FireStorm Kinetics=火焰风暴动力学
Firestorm Kinetics=火焰风暴动力学
Flashfire Systems=闪火公司
Flashfire Systems=闪火系统公司
Friskers Semiconductor Inc.=检索器半导体有限公司
GNP=新范式集团
Gallenson Tactical Systems=加仑森战术系统
Gemini=双子座
Gemini=双子座
Gorgon Defender Industries=戈贡防御工业
Greycat Industrial / CureLife=灰猫工业/疗生
Greycat Industrial=灰猫工业
Greycat Industrial=灰猫工业
Hedeby Gunworks=赫德比枪械
Hurston Dynamics=赫斯顿动力
Hurston Dynamics=赫斯顿动力
J-Span=J-Span
Joker Engineering=小丑工程
Joker Enterprises=小丑企业
Joker=小丑工程
Juno Starwerk=朱诺星际工厂
Juno Starwerk=朱诺星际工厂
Juno Starwerk=朱诺星际工厂
Juno Starwerk=朱诺星际工厂
Juno Starwerk=朱诺星际工场
KE Group=KE集团
Kastak Arms= 卡斯塔克武器
Kastak Arms=卡斯塔克武器
Kastak Arms=卡斯塔克武器
Kastak Arms=卡斯塔克武器
Klaus & Werner=克劳斯&韦纳
Klaus & Werner=克劳斯&韦纳
Klaus & Werner=克劳斯&韦纳
KnightBridge Arms=骑士桥军备
Kroneg=克罗内格公司
Kruger Intergalactic=克鲁格星际
Kruger Intergalactic=克鲁格星际
Lighting Power Ltd.=闪电之力有限公司
Lighting Power Ltd.=闪电之力有限公司
Lightning Bolt Co.=雷击公司
Lightning Bolt Co.=雷击公司
Lightning Bolt Company=雷击公司
Lightning Power Ltd.=闪电之力有限公司
Lightning Power Ltd.=闪电之力有限公司
MISC=武藏工业与星航株式会社
MaxOx=蛮牛
Mirai=未来
Mirai=未来
NV-TAC=NV装备
NV-TAC=NV装备
Nav-E7=领航E7工具
Nova Pyrotechnica=新星火工
Origin Jumpworks=起源跃动
Preacher Armaments=传教士军备
RAMP Corporation=RAMP公司
RSI=RSI
RSI=罗伯茨太空工业
Roberts Space Industries=罗伯茨太空工业
Roussimoff Rehabilitation Systems (RRS)=努西莫夫复原系统
Roussimoff Rehabilitation Systems=努西莫夫复原系统
Saga Datasystems=萨迦数据系统
Sakura Sun=樱日集团
Sakura Sun=樱日集团
Sakura Sun=樱日集团
Seal Corporation=密封公司
Seal Corporation=密封公司
Shubin Interstellar=舒宾星际
Shubin Interstellar=舒宾星际
Stor*All=万可存
Talon Weapon Systems=利爪武器公司
Talon Weapon Systems=利爪武器系统
Talon=利爪武器
Talon=利爪武器公司
Tarsus=塔苏斯
Tarsus=塔苏斯
Tarsus=塔苏斯
Thermyte Concern=铝热公司
Torral Aggregate=扭转集合体
Torral Aggregate=扭转集合体
Torral Aggregate=扭转集合体
Trident Attack Systems=三叉戟之击
Tumbril Land Systems=盾博尔地面系统
Tyler Design & Tech	=泰勒设计与技术公司
Tyler Design & Tech=泰勒设计与技术公司
UltiFlex=最终曲折
Unknown=未知
VOLT=VOLT
Vanduul / Esperia=剜度/埃斯佩里亚
Vanduul=剜度
Verified Offworld Laser Technologies=鉴星激光科技
Wei-Tek=未科技
Wen/Cassel Propulsion	=温/卡塞尔推进
Wen/Cassel Propulsion=温/卡塞尔推进
Wen/Cassel=温-卡塞尔
WillsOp=威尔士Op
WillsOp=威尔士Op
YORM=约姆公司
Yorm=约姆公司
microTech=微科星
