 -[NUM] / [NUM] °C=-[NUM] / [NUM] 摄氏度
+[NUM]=+[NUM]
+[NUM] %=+[NUM]%
+[NUM]%=+[NUM]%
+[NUM].[NUM]%=+[NUM].[NUM]%
- [NUM].[NUM]%=-[NUM].[NUM]%
-[NUM]=-[NUM]
-[NUM] %=-[NUM]%
-[NUM] / [NUM] C=-[NUM] / [NUM] 摄氏度
-[NUM] / [NUM] °C=-[NUM] / [NUM] 摄氏度
-[NUM]%=-[NUM]%
-[NUM].[NUM]%=-[NUM].[NUM]%
.[NUM]K µSCU=.[NUM]K uSCU
Ballistic Gatling (x[NUM])=实弹加特林（x[NUM]）
Barrel (S[NUM]), Optics (S[NUM]), Underbarrel (S[NUM])=枪管 (S[NUM])，光学元件 (S[NUM])，下挂 (S[NUM])
Nav-E[NUM]=领航E[NUM]工具 (Nav-E[NUM])
Optics (N/A), Barrel (N/A), Underbarrel (S[NUM])=瞄具 (N/A)，枪管 (N/A)，下挂 (S[NUM])
Optics (S[NUM]), Barrel (N/A), Underbarrel (S[NUM])=瞄具 (S[NUM])，枪管 (N/A)，下挂 (S[NUM])
Optics (S[NUM]), Barrel (NA), Underbarrel (S[NUM])=瞄具 (S[NUM])，枪管 (N/A)，下挂 (S[NUM])
Optics (S[NUM]), Barrel (S[NUM]), Underbarrel (S[NUM])=瞄具 (S[NUM])，枪管 (S[NUM])，下挂 (S[NUM])
Optics (S[NUM]), Underbarrel (S[NUM])=瞄具(S[NUM])、下挂(S[NUM])
S[NUM]=S[NUM]
Variable ([NUM]m)=可变 ([NUM]米)
[NUM]=[NUM]
[NUM] %=[NUM]%
[NUM] (Ground Vehicle Only)=[NUM]（仅限地面载具）
[NUM] - [NUM] rpm=[NUM]-[NUM] rpm
[NUM] REM=[NUM] 雷姆
[NUM] REM/s=[NUM] 雷姆 / 秒
[NUM] SCU=[NUM] SCU
[NUM] cSCU=[NUM] cSCU
[NUM] cSCU/s=[NUM] cSCU/s
[NUM] cm=[NUM] 厘米
[NUM] km=[NUM] 千米
[NUM] m=[NUM] 米
[NUM] m / [NUM] m=[NUM] 米 / [NUM] 米
[NUM] m / [NUM] m (Charged)=[NUM] 米 / [NUM] 米 (霰弹)
[NUM] round of [NUM] small rockets=[NUM]发，每次[NUM]枚小火箭
[NUM] rpm=[NUM] rpm
[NUM] rpm ([NUM] rpm rapid)=[NUM] rpm（快速模式[NUM] rpm）
[NUM] rpm ([NUM] shot burst)=[NUM] rpm([NUM]发爆炸)
[NUM] rpm - Beam=[NUM] rpm -光束
[NUM] rpm - [NUM] rpm=[NUM] - [NUM] rpm
[NUM] rpm / [NUM] rpm=[NUM] rpm / [NUM] rpm
[NUM] µSCU=[NUM] uSCU
[NUM]%=[NUM]%
[NUM],[NUM] rpm=[NUM] rpm
[NUM]-[NUM] m=[NUM]-[NUM]米
[NUM]-[NUM] rpm=[NUM]-[NUM] rpm
[NUM].[NUM] REM/s=[NUM].[NUM] 雷姆 / 秒
[NUM].[NUM] m=[NUM].[NUM] 米
[NUM].[NUM] rpm=[NUM].[NUM] rpm
[NUM].[NUM] µSCU=[NUM].[NUM] uSCU
[NUM].[NUM]K µSCU=[NUM].[NUM]K uSCU
[NUM].[NUM]k µSCU=[NUM].[NUM]k uSCU
[NUM].[NUM]x - [NUM]x=[NUM].[NUM]倍 - [NUM]倍
[NUM]K SP=[NUM]K SP
[NUM]K µSCU=[NUM]K uSCU
[NUM]k µSCU=[NUM]K uSCU
[NUM]m=[NUM] 米
[NUM]m+=[NUM] 米+
[NUM]s=[NUM]秒
[NUM]x=[NUM]倍
[NUM]x - [NUM].[NUM]x=[NUM]倍 - [NUM].[NUM]倍
[NUM]x - [NUM]x=[NUM]倍 - [NUM]倍
[NUM]x S[NUM]=[NUM]x S[NUM]
[NUM]x-[NUM].[NUM]x=[NUM]倍-[NUM].[NUM]倍
[NUM]xS[NUM]=[NUM]xS[NUM]
[NUM]x[NUM]=S[NUM]*[NUM]
[NUM]°=[NUM]度
