 -[NUM] / [NUM] °C=-[NUM] / [NUM] 摄氏度
+[NUM]=+[NUM]
+[NUM] %=+[NUM]%
+[NUM]%=+[NUM]%
+[NUM].[NUM]%=+[NUM].[NUM]%
- [NUM].[NUM]%=-[NUM].[NUM]%
-[NUM]=-[NUM]
-[NUM] %=-[NUM]%
-[NUM] / [NUM] C=-[NUM] / [NUM] 摄氏度
-[NUM] / [NUM] °C=-[NUM] / [NUM] 摄氏度
-[NUM]%=-[NUM]%
-[NUM].[NUM]%=-[NUM].[NUM]%
.[NUM]K µSCU=.[NUM]K uSCU
ACOM=ACOM
Ace Astrogation=王牌航天 (Ace Astrogation)
Aegis=圣盾动力 (Aegis Dynamic)
Aegis Avenger Description=Aegis Avenger Description
Aegis Dynamic=圣盾动力 (Aegis Dynamic)
Aegis Dynamics=圣盾动力 (Aegis Dynamics)
Aegis Gladius Description=Aegis Gladius Description
Aegis Hammerhead Description=圣盾锤头鲨介绍
Aegis Reclaimer Description=圣盾回收者介绍
All=全部
Ammo=弹药
Amon & Reese Co.=亚蒙里斯 (Amon & Reese Co.)
Anti-Aircraft Turret=防空炮塔
Anti-Personnel Turret=反人员炮塔
Anvil Aerospace=铁砧航天 (Anvil Aerospace)
Aopoa=奥波亚
Apocalypse Arms=启示录军备 (Apocalypse Arms)
ArcCorp=弧光集团 (ArcCorp)
Argo Astronautics=南船座宇航 (Argo Astronautics)
ArmaMod=武改厂 (ArmaMod)
Armor Description=Armor Description
Armored Flight Suit=装甲飞行服
Artifact Description=Artifact Description
Ascension Astro=上升航天 (Ascension Astro)
Assault Rifle=突击步枪
Associated Science & Development=联合科学与开发公司 (Associated Science & Development)
Aurora ES Description=Aurora ES Description
B=B
Back from the Brink, with livery that accurately recreates the headlining Kithara.=起死回生》致敬，其涂装准确地再现了主角飞船基塔拉（Kithara）。
Badges Description=Badges Description
Ball Turret=球形炮塔
Ballistic=实弹
Ballistic Cannon=实弹加农炮
Ballistic Cannon Turret=实弹加农炮炮塔
Ballistic Compensator=弹道补偿器
Ballistic Gatling=实弹加特林
Ballistic Gatling (x[NUM])=实弹加特林（x[NUM]）
Ballistic Gatling Gun=实弹加特林
Ballistic Gatling Turret=实弹加特林
Ballistic Repeater=实弹速射炮
Ballistic Scattergun=实弹霰弹炮
Banu=巴努 (Banu)
Barrel=枪管
Barrel (S[NUM]), Optics (S[NUM]), Underbarrel (S[NUM])=枪管 (S[NUM])，光学元件 (S[NUM])，下挂 (S[NUM])
Basilisk=毒蜥公司 (Basilisk)
Battery=电池
Beam=光束
Behring=贝林财团 (Behring)
Bespoke=定制
Blue Triangle Inc.=蓝三角公司 (Blue Triangle Inc.)
Bomb Rack=炸弹架
Bond-[NUM] Description=Bond-[NUM] Description
Broad & Rabiee=布拉德&拉比 (Broad & Rabiee)
Burst Generator=脉冲发生器
CDS=卡拉克防御系统 (CDS)
Camera Package=摄影模组
Cannon=加农炮
Cargo=货运
Chimera Communications=奇美拉通讯 (Chimera Communications)
CitizenCon Description=CitizenCon Description
Civilian=民用
Cognitive Boosting, Dehydrating=认知增强，口渴
Cognitive Impairment, Dehydrating=认知障碍，口渴
Compensator=枪口补偿器
Competition=竞赛
Computer=计算机
Consolidated Outland=联合外域 (Consolidated Outland)
Constant=固定
Constellation Description=Constellation Description
Container (Medical)=容器（医用）
Cooler=冷却器
Cross Section=横截面
Crusader Industries=十字军工业 (Crusader Industries)
CureLife=疗生公司 (CureLife)
Cutter=切割
Dark Birth took terror to a new level. CC's Conversions celebrated the release of the latest installment by collaborating with the vid's creators on an official and fully functional replica helmet. A special sensor built into the parasite's eye allows you a clear view of the reactions to every appalling detail. Carefully designed to honor the original prop and withstand the real rigors of space travel, the helmet is a premiere replica that will turn you into a walking nightmare!=黑暗诞生"将恐怖带到了一个新的高度。CC改造公司通过与影片的创作者合作发售了功能齐全的官方复刻头盔来庆祝新电影的发布。内置在"寄生虫"眼睛中的特殊传感器使您可以清楚地看到人们对这些骇人细节做出的反应。这款头盔经过精心设计以还原电影道具并能承受太空旅行的严峻考验，它是一个能将您变成行走的噩梦的杰出复制品。
Decoy=诱饵弹
Dehydrating=口渴
Dehydrating, Cognitive Boosting=口渴，认知增强
Dehydrating, Hyper-Metabolic=口渴，加速代谢
Distortion Cannon=畸变加农炮
Distortion Repeater=畸变速射炮
Distortion Scattergun=畸变霰弹炮
Donation Description=Donation Description
Drake Caterpillar [NUM] Description=德雷克毛虫[NUM]介绍
Drake Cutlass Description=德雷克弯刀介绍
Drake Interplanetary=德雷克行星际 (Drake Interplanetary)
EMP=EMP
EMP Generator=EMP发生器
Electromagnetic=电磁波
Electron=电子
Energizing=精力充沛
Energizing, Cognitive Boosting=精力充沛，认知增强
Energizing, Hydrating=精力充沛，补水
Energizing, Hyper-Metabolic=精力充沛，加速代谢
Energizing, Hypermetabolic=精力充沛，加速代谢
Energy (Electron)=能量（电子）
Energy (Laser)=能量 (激光)
Energy (Microwave)=能量 (微波)
Energy (Plasma)=能量 (电浆)
Energy Stabilizer=能量稳定器
Esperia=埃斯佩里亚 (Esperia)
Evade Description=Evade Description
Expedition=远征
Exploration=探索
Explosive Bomb=炸弹
Extinguisher Refill=灭火器再补剂
Fatiguing, Hypometabolic=疲劳，延缓代谢
Field Emitter=力场发生器
Fire Extinguisher=灭火器
FireStorm Kinetics=火焰风暴动力学 (Firestorm Kinetics)
Firestorm Kinetics=火焰风暴动力学 (Firestorm Kinetics)
Flash Hider=消焰器
Flashfire Systems=闪火公司 (Flashfire Systems)
Flashlight=战术手电
Flight Blade=飞行刀片
Flight Helmet=飞行头盔
Flight Suit=飞行服
Foam Dart=泡棉软胶弹
Frag=破片
Frag Pistol=碎片手枪
Freelancer Description=Freelancer Description
Friskers Semiconductor Inc.=检索器半导体有限公司 (Friskers Semiconductor Inc.)
GNP=新范式集团 (GNP)
Gadget=器具
Gallenson Tactical Systems=加仑森战术系统 (Gallenson Tactical Systems)
Gamescom Description=Gamescom Description
Gas Canister=气罐
Gemini=双子座 (Gemini)
Gimbal Mount=可动挂点
Gladiator Description=Gladiator Description
Gold Aurora Description=Gold Aurora Description
Gold Avenger Description=Gold Avenger Description
Gold Constellation Description=Gold Constellation Description
Gold Freelancer Description=Gold Freelancer Description
Gold Herald Description=Gold Herald Description
Gold Hornet Description=Gold Hornet Description
Golden Ticket Description=Golden Ticket Description
Gorgon Defender Industries=戈贡防御工业 (Gorgon Defender Industries)
Grenade=手榴弹
Grenade Launcher=榴弹发射器
Greycat Industrial=灰猫工业 (Greycat Industrial)
Greycat Industrial / CureLife=灰猫工业/疗生 (Greycat Industrial / CureLife)
Gunship=炮艇
HMG=重机枪
Heavy=重型
Heavy Armor=重型护甲
Heavy Backpack=重型背包
Heavy Bomber=重型轰炸机
Heavy Mining=重型采矿
Hedeby Gunworks=赫德比枪械 (Hedeby Gunworks)
Helmet=头盔
Holographic=全息投影
Hornet F[NUM]C-R Description=Hornet F[NUM]C-R Description
Hurston Dynamics=赫斯顿动力 (Hurston Dynamics)
Hydrating=补水
Hydrating, Hyper-Metabolic=补水，加速代谢
Hydrating, Toxic=补水，有毒
Hypermetabolic=加速代谢
Hypertrophic=肌力充沛
Hypertrophic, Dehydrating=肌力充沛，口渴
Hypertrophic, Hyper-Metabolic=肌力充沛，加速代谢
Hypertrophic, Hypo-Metabolic=肌力充沛，延缓代谢
Hypertrophic, Hypo-Metabolic, Cognitive Boosting=肌力充沛，延缓代谢，认知增强
Hypo-Metabolic=延缓代谢
Immune Boosting=免疫增强
Immune Boosting, Cognitive Boosting=免疫增强，认知增强
Immune Suppressing=免疫下降
Industrial=工业
Infared=红外线
Infrared=红外线
Integrated Battery=内置电池
Interdiction=拦阻
J-Span=J-Span
Joker=小丑工程 (Joker)
Joker Engineering=小丑工程 (Joker Engineering)
Joker Enterprises=小丑企业 (Joker Enterprises)
Jump Module=跳跃模块
Juno Starwerk=朱诺星际工厂 (Juno Starwerk)
KE Group=KE集团 (KE Group)
Kastak Arms=卡斯塔克武器 (Kastak Arms)
Khartu-al Description=Khartu-al Description
Khartu-al Prestige Series Description=Khartu-al Prestige Series Description
Kinetic=动能
Klaus & Werner=克劳斯&韦纳 (Klaus & Werner)
Knife=匕首
KnightBridge Arms=骑士桥军备 (KnightBridge Arms)
Kroneg=克罗内格公司 (Kroneg)
Kruger Intergalactic=克鲁格星际 (Kruger Intergalactic)
LMG=轻机枪
Large=大
Laser=能量(激光)
Laser Beam=激光光束炮
Laser Cannon=激光加农炮
Laser Gatling=激光加特林
Laser Mine=激光地雷
Laser Pointer=激光指示器
Laser Repeater=激光速射炮
Laser Scattergun=激光霰弹炮
Laser Turret=激光炮塔
Launcher=发射器
Life Support=维生系统
Life Support Filter=维生系统过滤器
Light=轻型
Light & Medium=轻型&中型
Light Armor=轻型护甲
Light Backpack=轻型背包
Light Fighter=轻型战斗机
Light Freight=轻型货运
Light Helmet=轻型头盔
Lighting Power Ltd.=闪电之力有限公司 (Lightning Power Ltd.)
Lightning Bolt Co.=雷击公司(Lightning Bolt Co.)
Lightning Bolt Company=雷击公司 (Lightning Bolt Co.)
Lightning Power Ltd.=闪电之力有限公司 (Lightning Power Ltd.)
Low=低
MISC=武藏工业与星航株式会社 (MISC)
M[NUM] Description=M[NUM] Description
Magazine=弹匣
Manipulator=操纵器
Manned Turret=载人炮塔
Manufacturing Station=制造站
Mass Driver Cannon=电磁加农炮
MaxOx=蛮牛（MaxOx）
MedGel Refill=医疗凝胶药瓶
Medical=医疗
Medical Consumable=医用耗材
Medical Device=医疗设备
Medium=中
Medium & Heavy=中型&重型
Medium Armor=中型护甲
Medium Backpack=中型背包
Medium Fighter=中型战斗机
Medium Fighter / Medium Freight=中型战斗机/中型货运
Medium Freight=中型货船
Medium Freight / Gunship=中型货船/炮艇
Medium, Light=轻型&中型
Melee=近战
Military=军用
Mining=采矿
Mining Laser=采矿激光
Mirai=未来 (Mirai)
Missile=导弹
Missile Launcher=导弹发射器
Missile Launcher Cap=导弹发射器弹架
Missile Rack=导弹架
Missile Turret=导弹炮台
Model Aegis Avenger=Model Aegis Avenger
Model Aurora ES Description=Model Aurora ES Description
Model Constellation Description=Model Constellation Description
Model Freelancer Description=Model Freelancer Description
Model Gladius Description=Model Gladius Description
Model Hornet Description=Model Hornet Description
Model Khartu-al Description=Model Khartu-al Description
Model Khartu-al Prestige Series Description=Model Khartu-al Prestige Series Description
Model M[NUM] Description=Model M[NUM] Description
Model Mustang Alpha Description=Model Mustang Alpha Description
Model Mustang Beta Description=Model Mustang Beta Description
Model Mustang Delta Description=Model Mustang Delta Description
Model Mustang Gamma Description=Model Mustang Gamma Description
Model Reliant Description=Model Reliant Description
Model Sabre Description=Model Sabre Description
Model Starfarer Description=Model Starfarer Description
Model [NUM]r Description=Model [NUM]r Description
Moments Description=Moments Description
Monitor=狙击镜
Multi-Tool Attachment=多功能工具附件
Murray Cup Description=Murray Cup Description
Mustang Alpha Description=Mustang Alpha Description
Mustang Beta Description=Mustang Beta Description
Mustang Delta Description=Mustang Delta Description
N / A (Beam)=N / A (Beam)
N/A=N/A
NA=无
NV-TAC=NV装备 (NV-TAC)
Nav-E[NUM]=领航E[NUM]工具 (Nav-E[NUM])
Neutron Cannon=中子加农炮
Neutron Repeater=中子速射炮
Noise=噪声场
Non-Lethal=非致命
Non-Lethal (Concussion)=非致命(震荡)
Non-Lethal (EMP)=非致命(EMP)
None=无
Nova Pyrotechnica=新星火工 (Nova Pyrotechnica)
Optic=光学元件
Optic  =光学元件
Optics (N/A), Barrel (N/A), Underbarrel (N/A)=瞄具 (N/A)，枪管 (N/A)，下挂 (N/A)
Optics (N/A), Barrel (N/A), Underbarrel (S[NUM])=瞄具 (N/A)，枪管 (N/A)，下挂 (S[NUM])
Optics (S[NUM]), Barrel (N/A), Underbarrel (S[NUM])=瞄具 (S[NUM])，枪管 (N/A)，下挂 (S[NUM])
Optics (S[NUM]), Barrel (NA), Underbarrel (S[NUM])=瞄具 (S[NUM])，枪管 (N/A)，下挂 (S[NUM])
Optics (S[NUM]), Barrel (S[NUM]), Underbarrel (S[NUM])=瞄具 (S[NUM])，枪管 (S[NUM])，下挂 (S[NUM])
Optics (S[NUM]), Underbarrel (S[NUM])=瞄具(S[NUM])、下挂(S[NUM])
Origin Jumpworks=起源跃动 (Origin Jumpworks)
PAX Description=PAX Description
PDC=PDC
Pathfinder=探路者
Pistol=手枪
Plasma Cannon=电浆加农炮
Plasma Canon=电浆加农炮
Plasma Scattergun=电浆霰弹炮
Power Plant=发电机
Preacher Armaments=传教士军备 (Preacher Armaments)
Projection=全息投影
Quantum Dampener=量子抑阻装置
Quantum Drive=量子驱动器
Quantum Enforcement Device=量子截停装置
RAMP Corporation=RAMP公司
RMC Canister (Large)=再生复合材料罐子（大号）
RMC Canister (Small)=再生复合材料罐子（小号）
RSI=RSI
Racing=竞速
Radar=雷达
Railgun=电磁炮
Red Dot=红点反射
Reflex=红点反射
Reliant Description=Reliant Description
Retaliator Description=Retaliator Description
Roberts Space Industries=罗伯茨太空工业
Rocket=火箭
Rocket Pod=火箭吊舱
Roussimoff Rehabilitation Systems=努西莫夫复原系统
Roussimoff Rehabilitation Systems (RRS)=努西莫夫复原系统
SMG=冲锋枪
S[NUM]=S[NUM]
Sabre Description=Sabre Description
Saga Datasystems=萨迦数据系统 (Saga Datasystems)
Sakura Sun=樱日集团 (Sakura Sun)
Salvage Description=Salvage Description
Salvage and Repair=打捞及修理
Scythe Plating Description=Scythe Plating Description
Seal Corporation=密封公司 (Seal Corporation)
Sensor Suite=扫描模组
Shield Generator=护盾生成器
Shotgun=霰弹枪
Shubin Interstellar=舒宾星际 (Shubin Interstellar)
Skull Description=Skull Description
Sniper Rifle=狙击步枪
Starfarer Description=Starfarer Description
Stealth=隐形
Stealth Fighter=隐身战斗机
Stor*All=万可存 (Stor*All)
Storage=储存
Suppressor=枪口消音
TBD=TBD
Tachyon Cannon=快子加农炮
Talon=利爪武器公司
Talon Weapon Systems=利爪武器系统 (Talon Weapon Systems)
Tarsus=塔苏斯 (Tarsus)
Telescopic=光学透镜
Thermyte Concern=铝热公司
Torpedo Launcher=鱼雷发射器
Torpedo Rack=鱼雷架
Torral Aggregate=扭转集合体 (Torral Aggregate)
Touring=旅行
Towing Beam=牵引光束
Toy Pistol=玩具手枪
Tractor Beam=牵引光束
Trident Attack Systems=三叉戟之击
Tumbril Land Systems=盾博尔地面系统
Tumbril Nova Badlands=Tumbril Nova Badlands
Tumbril Nova Snowblind=Tumbril Nova Snowblind
Tumbril Nova UEE Army=Tumbril Nova UEE Army
Turret=炮塔
Turret (Reliant Exclusive)=炮塔(信赖专用)
Tyler Design & Tech=泰勒设计与技术公司
Tyler Design & Tech	=泰勒设计与技术公司
UltiFlex=最终曲折
Underbarrel=下挂
Undersuit=基底服
Unknown=未知
Utility=工具
Utility Mount Cap (Reliant Exclusive)=工具挂载台 (信赖专属)
VOLT=VOLT
Vanduul=剜度 (Vanduul)
Vanduul / Esperia=剜度/埃斯佩里亚 (Vanduul / Esperia)
Variable ([NUM]m)=可变 ([NUM]米)
Vasli Fragment Description=Vasli Fragment Description
Verified Offworld Laser Technologies=鉴星激光科技
Very Low=极低
Weapon Mount=武器挂点
Weapon Mount (Reliant Exclusive)=武器挂点 (信赖专用)
Wei-Tek=未科技
Wen/Cassel=温-卡塞尔 (Wen/Cassel)
Wen/Cassel Propulsion=温/卡塞尔推进 (Wen/Cassel Propulsion)
Wen/Cassel Propulsion	=温/卡塞尔推进 (Wen/Cassel Propulsion)
WillsOp=威尔士Op (WillsOP)
Worksuit=工作服
Worksuit Helmet=飞行头盔
YORM=约姆公司 (YORM)
Yorm=约姆公司 (Yorm)
[NUM]=[NUM]
[NUM] %=[NUM]%
[NUM] (Ground Vehicle Only)=[NUM]（仅限地面载具）
[NUM] - [NUM] rpm=[NUM]-[NUM] rpm
[NUM] Description=[NUM] Description
[NUM] REM=[NUM] 雷姆
[NUM] REM/s=[NUM] 雷姆 / 秒
[NUM] SCU=[NUM] SCU
[NUM] cSCU=[NUM] cSCU
[NUM] cSCU/s=[NUM] cSCU/s
[NUM] cm=[NUM] 厘米
[NUM] km=[NUM] 千米
[NUM] m=[NUM] 米
[NUM] m / [NUM] m=[NUM] 米 / [NUM] 米
[NUM] m / [NUM] m (Charged)=[NUM] 米 / [NUM] 米 (霰弹)
[NUM] round of [NUM] small rockets=[NUM]发，每次[NUM]枚小火箭
[NUM] rpm=[NUM] rpm
[NUM] rpm ([NUM] rpm rapid)=[NUM] rpm（快速模式[NUM] rpm）
[NUM] rpm ([NUM] shot burst)=[NUM] rpm([NUM]发爆炸)
[NUM] rpm - Beam=[NUM] rpm -光束
[NUM] rpm - [NUM] rpm=[NUM] - [NUM] rpm
[NUM] rpm / [NUM] rpm=[NUM] rpm / [NUM] rpm
[NUM] µSCU=[NUM] uSCU
[NUM]%=[NUM]%
[NUM],[NUM] rpm=[NUM] rpm
[NUM]-[NUM] m=[NUM]-[NUM]米
[NUM]-[NUM] rpm=[NUM]-[NUM] rpm
[NUM].[NUM] REM/s=[NUM].[NUM] 雷姆 / 秒
[NUM].[NUM] m=[NUM].[NUM] 米
[NUM].[NUM] rpm=[NUM].[NUM] rpm
[NUM].[NUM] µSCU=[NUM].[NUM] uSCU
[NUM].[NUM]K µSCU=[NUM].[NUM]K uSCU
[NUM].[NUM]k µSCU=[NUM].[NUM]k uSCU
[NUM].[NUM]x - [NUM]x=[NUM].[NUM]倍 - [NUM]倍
[NUM]K SP=[NUM]K SP
[NUM]K µSCU=[NUM]K uSCU
[NUM]k µSCU=[NUM]K uSCU
[NUM]m=[NUM] 米
[NUM]m+=[NUM] 米+
[NUM]r Description=[NUM]r Description
[NUM]s=[NUM]秒
[NUM]x=[NUM]倍
[NUM]x - [NUM].[NUM]x=[NUM]倍 - [NUM].[NUM]倍
[NUM]x - [NUM]x=[NUM]倍 - [NUM]倍
[NUM]x S[NUM]=[NUM]x S[NUM]
[NUM]x-[NUM].[NUM]x=[NUM]倍-[NUM].[NUM]倍
[NUM]xS[NUM]=[NUM]xS[NUM]
[NUM]x[NUM]=S[NUM]*[NUM]
[NUM]°=[NUM]度
microTech=微科星 (microTech)
